// Jest Snapshot v1, https://goo.gl/fbAQLP

exports[`Dashboard component should render correctly 1`] = `
<div
  className="dashboard-container"
>
  <div
    className="dashboard-title"
  >
    <strong>
      Mindee
    </strong>
     File Extractor
  </div>
  <div
    className="content"
  >
    <Connect(ErrorMessage) />
    <Connect(Uploader) />
    <Connect(ExtractionView) />
  </div>
</div>
`;
